[17:08:43] [main/INFO]: Loading Minecraft 1.21.1 with Fabric Loader 0.18.2
[17:08:43] [main/INFO]: Loading 43 mods:
	- fabric-api 0.116.9+1.21.1
	   |-- fabric-api-base 0.4.42+6573ed8c19
	   |-- fabric-api-lookup-api-v1 1.6.72+7b3d111d19
	   |-- fabric-biome-api-v1 13.0.31+d527f9fd19
	   |-- fabric-block-api-v1 1.1.0+0bc3503219
	   |-- fabric-block-view-api-v2 1.0.11+ebb2264e19
	   |-- fabric-blockrenderlayer-v1 1.1.52+0af3f5a719
	   |-- fabric-client-tags-api-v1 1.1.15+6573ed8c19
	   |-- fabric-command-api-v1 1.2.49+f71b366f19
	   |-- fabric-command-api-v2 2.2.28+6ced4dd919
	   |-- fabric-commands-v0 0.2.66+df3654b319
	   |-- fabric-content-registries-v0 8.0.19+b559734419
	   |-- fabric-convention-tags-v1 2.1.6+7f945d5b19
	   |-- fabric-convention-tags-v2 2.11.2+fa89716719
	   |-- fabric-crash-report-info-v1 0.2.29+0af3f5a719
	   |-- fabric-data-attachment-api-v1 1.4.6+5b36e0f719
	   |-- fabric-data-generation-api-v1 20.2.35+37516cd619
	   |-- fabric-dimensions-v1 4.0.1+65213ef819
	   |-- fabric-entity-events-v1 1.8.0+2b27e0a419
	   |-- fabric-events-interaction-v0 0.7.13+ba9dae0619
	   |-- fabric-game-rule-api-v1 1.0.53+6ced4dd919
	   |-- fabric-item-api-v1 11.2.0+3b3cb2e819
	   |-- fabric-item-group-api-v1 4.1.7+def88e3a19
	   |-- fabric-key-binding-api-v1 1.0.47+0af3f5a719
	   |-- fabric-keybindings-v0 0.2.45+df3654b319
	   |-- fabric-lifecycle-events-v1 2.6.0+0865547519
	   |-- fabric-loot-api-v2 3.0.15+3f89f5a519
	   |-- fabric-loot-api-v3 1.0.3+3f89f5a519
	   |-- fabric-message-api-v1 6.0.14+8aaf3aca19
	   |-- fabric-model-loading-api-v1 2.1.0+b4d813fc19
	   |-- fabric-networking-api-v1 4.3.0+c7469b2119
	   |-- fabric-object-builder-api-v1 15.2.1+40875a9319
	   |-- fabric-particles-v1 4.0.2+6573ed8c19
	   |-- fabric-recipe-api-v1 5.0.15+2475392c19
	   |-- fabric-registry-sync-v0 5.3.1+e3eddc2119
	   |-- fabric-renderer-api-v1 3.4.1+b4d813fc19
	   |-- fabric-renderer-indigo 1.7.1+c705a49c19
	   |-- fabric-renderer-registries-v1 3.2.69+df3654b319
	   |-- fabric-rendering-data-attachment-v1 0.3.49+73761d2e19
	   |-- fabric-rendering-fluids-v1 3.1.6+1daea21519
	   |-- fabric-rendering-v0 1.1.72+df3654b319
	   |-- fabric-rendering-v1 5.1.0+ab4c25a019
	   |-- fabric-resource-conditions-api-v1 4.3.0+8dc279b119
	   |-- fabric-resource-loader-v0 1.3.1+5b5275af19
	   |-- fabric-screen-api-v1 2.0.25+8b68f1c719
	   |-- fabric-screen-handler-api-v1 1.3.90+b559734419
	   |-- fabric-sound-api-v1 1.0.23+6573ed8c19
	   |-- fabric-transfer-api-v1 5.4.4+7b3d111d19
	   \-- fabric-transitive-access-wideners-v1 6.2.0+45b9699719
	- fabricloader 0.18.2
	   \-- mixinextras 0.5.0
	- hardcoreworldreset 1.21.1-1.0.3
	- java 21
	- minecraft 1.21.1
	- sharedeverything 1.0.0
[17:08:43] [main/INFO]: SpongePowered MIXIN Subsystem Version=0.8.7 Source=file:/workspaces/dea/servidor_minecraft/libraries/net/fabricmc/sponge-mixin/0.16.5+mixin.0.8.7/sponge-mixin-0.16.5+mixin.0.8.7.jar Service=Knot/Fabric Env=SERVER
[17:08:43] [main/INFO]: Compatibility level set to JAVA_17
[17:08:43] [main/INFO]: Compatibility level set to JAVA_21
[17:08:44] [main/INFO]: Initializing MixinExtras via com.llamalad7.mixinextras.service.MixinExtrasServiceImpl(version=0.5.0).
[17:08:51] [main/INFO]: HardcoreWorldReset initialized.
[17:08:51] [main/INFO]: Shared Everything Mod geladen!
[17:08:51] [main/INFO]: Environment: Environment[sessionHost=https://sessionserver.mojang.com, servicesHost=https://api.minecraftservices.com, name=PROD]
[17:08:52] [main/ERROR]: key missing: DragonFight in {BorderCenterX:0.0d,BorderCenterZ:0.0d,BorderDamagePerBlock:0.2d,BorderSafeZone:5.0d,BorderSize:5.9999968E7d,BorderSizeLerpTarget:5.9999968E7d,BorderSizeLerpTime:0L,BorderWarningBlocks:5.0d,BorderWarningTime:15.0d,CustomBossEvents:{},DataPacks:{Disabled:["bundle","trade_rebalance"],Enabled:["vanilla","fabric","fabric-convention-tags-v2","hardcoreworldreset"]},DataVersion:3955,DayTime:0L,Difficulty:1b,DifficultyLocked:0b,GameRules:{announceAdvancements:"true",blockExplosionDropDecay:"true",commandBlockOutput:"true",commandModificationBlockLimit:"32768",disableElytraMovementCheck:"false",disableRaids:"false",doDaylightCycle:"true",doEntityDrops:"true",doFireTick:"true",doImmediateRespawn:"false",doInsomnia:"true",doLimitedCrafting:"false",doMobLoot:"true",doMobSpawning:"true",doPatrolSpawning:"true",doTileDrops:"true",doTraderSpawning:"true",doVinesSpread:"true",doWardenSpawning:"true",doWeatherCycle:"true",drowningDamage:"true",enderPearlsVanishOnDeath:"true",fallDamage:"true",fireDamage:"true",forgiveDeadPlayers:"true",freezeDamage:"true",globalSoundEvents:"true",keepInventory:"false",lavaSourceConversion:"false",logAdminCommands:"true",maxCommandChainLength:"65536",maxCommandForkCount:"65536",maxEntityCramming:"24",mobExplosionDropDecay:"true",mobGriefing:"true",naturalRegeneration:"true",playersNetherPortalCreativeDelay:"1",playersNetherPortalDefaultDelay:"80",playersSleepingPercentage:"100",projectilesCanBreakBlocks:"true",randomTickSpeed:"3",reducedDebugInfo:"false",sendCommandFeedback:"true",showDeathMessages:"true",snowAccumulationHeight:"1",spawnChunkRadius:"2",spawnRadius:"10",spectatorsGenerateChunks:"true",tntExplosionDropDecay:"false",universalAnger:"false",waterSourceConversion:"true"},GameType:0,LastPlayed:1785085544922L,LevelName:"world",ScheduledEvents:[],ServerBrands:["fabric"],SpawnAngle:0.0f,SpawnX:0,SpawnY:63,SpawnZ:0,Time:0L,Version:{Id:3955,Name:"1.21.1",Series:"main",Snapshot:0b},WanderingTraderSpawnChance:25,WanderingTraderSpawnDelay:4800,WasModded:1b,WorldGenSettings:{bonus_chest:0b,dimensions:{"hardcoreworldreset:limbo":{generator:{settings:{biome:"minecraft:the_void",features:0b,lakes:0b,layers:[]},type:"minecraft:flat"},type:"minecraft:the_end"},"minecraft:overworld":{generator:{biome_source:{preset:"minecraft:overworld",type:"minecraft:multi_noise"},settings:"minecraft:overworld",type:"minecraft:noise"},type:"minecraft:overworld"},"minecraft:the_end":{generator:{biome_source:{type:"minecraft:the_end"},settings:"minecraft:end",type:"minecraft:noise"},type:"minecraft:the_end"},"minecraft:the_nether":{generator:{biome_source:{preset:"minecraft:nether",type:"minecraft:multi_noise"},settings:"minecraft:nether",type:"minecraft:noise"},type:"minecraft:the_nether"}},generate_features:1b,seed:614753925243697028L},allowCommands:0b,clearWeatherTime:140040,hardcore:0b,initialized:1b,rainTime:1,raining:0b,thunderTime:1,thundering:0b,version:19133}
[17:08:53] [main/INFO]: Loaded 1290 recipes
[17:08:53] [main/INFO]: Loaded 1399 advancements
[17:08:53] [main/INFO]: Applied 0 biome modifications to 0 of 64 new biomes in 1.462 ms
[17:08:53] [Server thread/INFO]: Starting minecraft server version 1.21.1
[17:08:53] [Server thread/INFO]: Loading properties
[17:08:53] [Server thread/INFO]: Default game type: SURVIVAL
[17:08:53] [Server thread/INFO]: Generating keypair
[17:08:54] [Server thread/INFO]: Starting Minecraft server on *:25565
[17:08:54] [Server thread/INFO]: Using epoll channel type
[17:08:54] [Server thread/WARN]: **** SERVER IS RUNNING IN OFFLINE/INSECURE MODE!
[17:08:54] [Server thread/WARN]: The server will make no attempt to authenticate usernames. Beware.
[17:08:54] [Server thread/WARN]: While this makes the game possible to play without internet access, it also opens up the ability for hackers to connect with any username they choose.
[17:08:54] [Server thread/WARN]: To change this, set "online-mode" to "true" in the server.properties file.
[17:08:54] [Server thread/INFO]: Preparing level "world"
[17:08:57] [Server thread/INFO]: Preparing start region for dimension minecraft:overworld
[17:08:57] [Worker-Main-2/INFO]: Preparing spawn area: 0%
[17:08:57] [Worker-Main-2/INFO]: Preparing spawn area: 0%
[17:08:58] [Worker-Main-2/INFO]: Preparing spawn area: 0%
[17:08:58] [Worker-Main-2/INFO]: Preparing spawn area: 0%
[17:08:59] [Worker-Main-2/INFO]: Preparing spawn area: 0%
[17:08:59] [Worker-Main-1/INFO]: Preparing spawn area: 0%
[17:09:00] [Worker-Main-3/INFO]: Preparing spawn area: 0%
[17:09:00] [Worker-Main-2/INFO]: Preparing spawn area: 0%
[17:09:01] [Worker-Main-2/INFO]: Preparing spawn area: 2%
[17:09:01] [Worker-Main-3/INFO]: Preparing spawn area: 2%
[17:09:02] [Worker-Main-1/INFO]: Preparing spawn area: 2%
[17:09:02] [Worker-Main-1/INFO]: Preparing spawn area: 2%
[17:09:03] [Worker-Main-2/INFO]: Preparing spawn area: 18%
[17:09:03] [Worker-Main-2/INFO]: Preparing spawn area: 18%
[17:09:04] [Worker-Main-2/INFO]: Preparing spawn area: 51%
[17:09:04] [Worker-Main-1/INFO]: Preparing spawn area: 51%
[17:09:05] [Worker-Main-1/INFO]: Preparing spawn area: 51%
[17:09:05] [Server thread/INFO]: Time elapsed: 8556 ms
[17:09:05] [Server thread/INFO]: Done (11.446s)! For help, type "help"
[17:09:12] [Server thread/INFO]: Nyehtz[/127.45.187.197:60303] logged in with entity id 9 at (0.5, 29.0, 0.5)
[17:09:12] [Server thread/INFO]: Nyehtz joined the game
[17:09:17] [Server thread/INFO]: Nyevm[/127.45.187.197:50987] logged in with entity id 15 at (0.0, 65.0, 0.0)
[17:09:17] [Server thread/INFO]: Player Nyevm detected in Limbo. Rescue arriving in 1 second...
[17:09:17] [Server thread/INFO]: Nyevm joined the game
[17:09:18] [Server thread/INFO]: Successfully rescued & wiped offline player: Nyevm
[17:09:36] [Server thread/INFO]: [Nyehtz: Teleported Nyevm to Nyehtz]
[17:09:47] [Server thread/INFO]: [Nyehtz: Set own game mode to Survival Mode]
[17:12:14] [Server thread/INFO]: MIXIN FIRED for player: Nyehtz
[17:12:14] [Server thread/INFO]: Intercepting death for player: Nyehtz
[17:12:14] [Server thread/INFO]: Nyehtz drowned
[17:12:14] [Server thread/INFO]: §7Erasing the world in §c5 §7seconds...
[17:12:14] [Server thread/INFO]: World reset sequence started. Countdown: 5 seconds.
[17:12:15] [Server thread/INFO]: §7Erasing the world in §c4§7 seconds...
[17:12:16] [Server thread/INFO]: §7Erasing the world in §c3§7 seconds...
[17:12:17] [Server thread/INFO]: §7Erasing the world in §c2§7 seconds...
[17:12:18] [Server thread/INFO]: §7Erasing the world in §c1§7 second...
[17:12:19] [Server thread/INFO]: Teleporting all players to Limbo...
[17:12:19] [Server thread/INFO]: Teleported Nyehtz to Limbo.
[17:12:19] [Server thread/INFO]: Teleported Nyevm to Limbo.
[17:12:19] [Server thread/INFO]: Limbo teleport complete. Success: 2, Failed: 0
[17:12:19] [Server thread/INFO]: Clearing overworld entities to prevent chunk-holder crash...
[17:12:19] [Server thread/INFO]: Starting true world reset. New seed: 5432989657808528081
[17:12:19] [Server thread/INFO]: §5[Reset] §7Beginning world erasure...
[17:12:19] [Server thread/INFO]: Teleported Nyehtz to Limbo.
[17:12:19] [Server thread/INFO]: Teleported Nyevm to Limbo.
[17:12:21] [Server thread/INFO]: Phase: UNLOADING
[17:12:21] [Server thread/INFO]: §5[Reset] §7Unloading memory cache...
[17:12:23] [Server thread/INFO]: ThreadedAnvilChunkStorage (world): All chunks are saved
[17:12:23] [Server thread/INFO]: ThreadedAnvilChunkStorage (DIM1): All chunks are saved
[17:12:23] [Server thread/INFO]: ThreadedAnvilChunkStorage (limbo): All chunks are saved
[17:12:23] [Server thread/INFO]: ThreadedAnvilChunkStorage (DIM-1): All chunks are saved
[17:12:23] [Server thread/INFO]: ThreadedAnvilChunkStorage: All dimensions are saved
[17:12:23] [Server thread/INFO]: Phase: DELETING
[17:12:23] [Server thread/INFO]: §5[Reset] §7Erasing old world files...
[17:12:23] [Server thread/INFO]: Wiping player data, stats, and advancements...
[17:12:25] [Server thread/INFO]: Phase: REGENERATING
[17:12:25] [Server thread/INFO]: §5[Reset] §7Applying new seed: §e5432989657808528081
[17:12:27] [Server thread/INFO]: Phase: DONE
[17:12:30] [Server thread/INFO]: §a[Reset] §7World reset complete! Respawning players...
[17:12:30] [Server thread/INFO]: Reset complete. Respawning all players.
[17:12:30] [Server thread/INFO]: §7Try §c#9
[17:12:30] [Server thread/WARN]: Can't keep up! Is the server overloaded? Running 2729ms or 54 ticks behind
[17:13:40] [Server thread/INFO]: [Nyehtz: Set own game mode to Creative Mode]
[17:13:46] [Server thread/INFO]: Nyehtz has made the advancement [Cover Me with Diamonds]
[17:13:46] [Server thread/INFO]: Nyevm has made the advancement [Cover Me with Diamonds]
[17:13:47] [Server thread/INFO]: Nyehtz has made the advancement [Suit Up]
[17:13:47] [Server thread/INFO]: Nyevm has made the advancement [Suit Up]
[17:13:58] [Server thread/INFO]: [Nyehtz: Set own game mode to Survival Mode]
[17:15:29] [Server thread/INFO]: Nyehtz lost connection: Disconnected
[17:15:29] [Server thread/INFO]: Nyehtz left the game
[17:16:26] [Server thread/INFO]: Nyehtz[/127.45.187.197:36497] logged in with entity id 2652 at (42.964516957170524, 64.0, -3.4023811439852487)
[17:16:26] [Server thread/INFO]: Nyehtz joined the game
[17:16:35] [Server thread/INFO]: Nyehtz lost connection: Disconnected
[17:16:35] [Server thread/INFO]: Nyehtz left the game
[17:16:40] [Server thread/INFO]: Nyevm lost connection: Disconnected
[17:16:40] [Server thread/INFO]: Nyevm left the game
[17:22:19] [Server thread/INFO]: Stopping the server
[17:22:19] [Server thread/INFO]: Stopping server
[17:22:19] [Server thread/INFO]: Saving players
[17:22:19] [Server thread/INFO]: Saving worlds
[17:22:19] [Server thread/INFO]: Saving chunks for level 'ServerLevel[world]'/minecraft:overworld
[17:22:19] [Server thread/INFO]: Saving chunks for level 'ServerLevel[world]'/minecraft:the_end
[17:22:19] [Server thread/INFO]: Saving chunks for level 'ServerLevel[world]'/hardcoreworldreset:limbo
[17:22:19] [Server thread/INFO]: Saving chunks for level 'ServerLevel[world]'/minecraft:the_nether
[17:22:19] [Server thread/INFO]: ThreadedAnvilChunkStorage (world): All chunks are saved
[17:22:19] [Server thread/INFO]: ThreadedAnvilChunkStorage (DIM1): All chunks are saved
[17:22:19] [Server thread/INFO]: ThreadedAnvilChunkStorage (limbo): All chunks are saved
[17:22:19] [Server thread/INFO]: ThreadedAnvilChunkStorage (DIM-1): All chunks are saved
[17:22:19] [Server thread/INFO]: ThreadedAnvilChunkStorage: All dimensions are saved
